============================= test session starts =============================
platform win32 -- Python 3.10.10, pytest-8.1.1, pluggy-1.6.0 -- C:\Users\welcome\AppData\Local\Programs\Python\Python310\python.exe
cachedir: .pytest_cache
rootdir: C:\Users\welcome\Desktop\National Space Hackathon\National-Space-Hackathon
plugins: anyio-4.12.1
collecting ... collected 0 items / 4 errors

=================================== ERRORS ====================================
_____________________ ERROR collecting tests/test_api.py ______________________
..\..\..\AppData\Local\Programs\Python\Python310\lib\importlib\__init__.py:126: in import_module
    return _bootstrap._gcd_import(name[level:], package, level)
<frozen importlib._bootstrap>:1050: in _gcd_import
    ???
<frozen importlib._bootstrap>:1027: in _find_and_load
    ???
<frozen importlib._bootstrap>:992: in _find_and_load_unlocked
    ???
<frozen importlib._bootstrap>:241: in _call_with_frames_removed
    ???
<frozen importlib._bootstrap>:1050: in _gcd_import
    ???
<frozen importlib._bootstrap>:1027: in _find_and_load
    ???
<frozen importlib._bootstrap>:1006: in _find_and_load_unlocked
    ???
<frozen importlib._bootstrap>:688: in _load_unlocked
    ???
<frozen importlib._bootstrap_external>:883: in exec_module
    ???
<frozen importlib._bootstrap>:241: in _call_with_frames_removed
    ???
tests\__init__.py:1: in <module>
    __init__.py
E   NameError: name '__init__' is not defined
_________________ ERROR collecting tests/test_conjunction.py __________________
..\..\..\AppData\Local\Programs\Python\Python310\lib\importlib\__init__.py:126: in import_module
    return _bootstrap._gcd_import(name[level:], package, level)
<frozen importlib._bootstrap>:1050: in _gcd_import
    ???
<frozen importlib._bootstrap>:1027: in _find_and_load
    ???
<frozen importlib._bootstrap>:992: in _find_and_load_unlocked
    ???
<frozen importlib._bootstrap>:241: in _call_with_frames_removed
    ???
<frozen importlib._bootstrap>:1050: in _gcd_import
    ???
<frozen importlib._bootstrap>:1027: in _find_and_load
    ???
<frozen importlib._bootstrap>:1006: in _find_and_load_unlocked
    ???
<frozen importlib._bootstrap>:688: in _load_unlocked
    ???
<frozen importlib._bootstrap_external>:883: in exec_module
    ???
<frozen importlib._bootstrap>:241: in _call_with_frames_removed
    ???
tests\__init__.py:1: in <module>
    __init__.py
E   NameError: name '__init__' is not defined
___________________ ERROR collecting tests/test_maneuver.py ___________________
..\..\..\AppData\Local\Programs\Python\Python310\lib\importlib\__init__.py:126: in import_module
    return _bootstrap._gcd_import(name[level:], package, level)
<frozen importlib._bootstrap>:1050: in _gcd_import
    ???
<frozen importlib._bootstrap>:1027: in _find_and_load
    ???
<frozen importlib._bootstrap>:992: in _find_and_load_unlocked
    ???
<frozen importlib._bootstrap>:241: in _call_with_frames_removed
    ???
<frozen importlib._bootstrap>:1050: in _gcd_import
    ???
<frozen importlib._bootstrap>:1027: in _find_and_load
    ???
<frozen importlib._bootstrap>:1006: in _find_and_load_unlocked
    ???
<frozen importlib._bootstrap>:688: in _load_unlocked
    ???
<frozen importlib._bootstrap_external>:883: in exec_module
    ???
<frozen importlib._bootstrap>:241: in _call_with_frames_removed
    ???
tests\__init__.py:1: in <module>
    __init__.py
E   NameError: name '__init__' is not defined
__________________ ERROR collecting tests/test_propagator.py __________________
..\..\..\AppData\Local\Programs\Python\Python310\lib\importlib\__init__.py:126: in import_module
    return _bootstrap._gcd_import(name[level:], package, level)
<frozen importlib._bootstrap>:1050: in _gcd_import
    ???
<frozen importlib._bootstrap>:1027: in _find_and_load
    ???
<frozen importlib._bootstrap>:992: in _find_and_load_unlocked
    ???
<frozen importlib._bootstrap>:241: in _call_with_frames_removed
    ???
<frozen importlib._bootstrap>:1050: in _gcd_import
    ???
<frozen importlib._bootstrap>:1027: in _find_and_load
    ???
<frozen importlib._bootstrap>:1006: in _find_and_load_unlocked
    ???
<frozen importlib._bootstrap>:688: in _load_unlocked
    ???
<frozen importlib._bootstrap_external>:883: in exec_module
    ???
<frozen importlib._bootstrap>:241: in _call_with_frames_removed
    ???
tests\__init__.py:1: in <module>
    __init__.py
E   NameError: name '__init__' is not defined
=========================== short test summary info ===========================
ERROR tests/test_api.py - NameError: name '__init__' is not defined
ERROR tests/test_conjunction.py - NameError: name '__init__' is not defined
ERROR tests/test_maneuver.py - NameError: name '__init__' is not defined
ERROR tests/test_propagator.py - NameError: name '__init__' is not defined
!!!!!!!!!!!!!!!!!!! Interrupted: 4 errors during collection !!!!!!!!!!!!!!!!!!!
============================== 4 errors in 0.24s ==============================
